error: Unknown parameter
 --> tests/macro/invalid_result.rs:6:32
  |
6 | #[endpoint(path = "test/path", result = "DoesNotExist")]
  |                                ^^^^^^

warning: unused import: `rustified::endpoint::Endpoint`
 --> tests/macro/invalid_result.rs:1:5
  |
1 | use rustified::endpoint::Endpoint;
  |     ^^^^^^^^^^^^^^^^^^^^^^^^^^^^^
  |
  = note: `#[warn(unused_imports)]` on by default
